// Jest Snapshot v1, https://goo.gl/fbAQLP

exports[`matches snapshot 1`] = `
<DocumentFragment>
  <div
    class="Box-container"
  >
    <div
      class="Box"
      style="width: 6em; height: 6em;"
    />
    <button
      class="Box-btn"
    >
      X
    </button>
  </div>
</DocumentFragment>
`;
